[package:najma_app] flutter pub get --no-example
Resolving dependencies...
Note: intl is pinned to version 0.20.2 by flutter_localizations from the flutter SDK.
See https://dart.dev/go/sdk-version-pinning for details.


Because najma_app depends on flutter_localizations from sdk which depends on intl 0.20.2, intl 0.20.2 is required.
So, because najma_app depends on intl ^0.19.0, version solving failed.


You can try the following suggestion to make the pubspec resolve:
* Try upgrading your constraint on intl: flutter pub add intl:^0.20.2
Failed to update packages.
exit code 1